Archive member included because of file (symbol)

/opt/Freescale/KDS_v3/toolchain/bin/../lib/gcc/arm-none-eabi/4.8.4/armv6-m/libgcc.a(_udivsi3.o)
                              ./Project_Settings/Startup_Code/system_MKL25Z4.o (__aeabi_uidiv)
/opt/Freescale/KDS_v3/toolchain/bin/../lib/gcc/arm-none-eabi/4.8.4/armv6-m/libgcc.a(_dvmd_tls.o)
                              /opt/Freescale/KDS_v3/toolchain/bin/../lib/gcc/arm-none-eabi/4.8.4/armv6-m/libgcc.a(_udivsi3.o) (__aeabi_idiv0)
/opt/Freescale/KDS_v3/toolchain/bin/../lib/gcc/arm-none-eabi/4.8.4/../../../../arm-none-eabi/lib/armv6-m/libg_s.a(lib_a-exit.o)
                              /opt/Freescale/KDS_v3/toolchain/bin/../lib/gcc/arm-none-eabi/4.8.4/../../../../arm-none-eabi/lib/armv6-m/crt0.o (exit)
/opt/Freescale/KDS_v3/toolchain/bin/../lib/gcc/arm-none-eabi/4.8.4/../../../../arm-none-eabi/lib/armv6-m/libg_s.a(lib_a-impure.o)
                              /opt/Freescale/KDS_v3/toolchain/bin/../lib/gcc/arm-none-eabi/4.8.4/../../../../arm-none-eabi/lib/armv6-m/libg_s.a(lib_a-exit.o) (_global_impure_ptr)
/opt/Freescale/KDS_v3/toolchain/bin/../lib/gcc/arm-none-eabi/4.8.4/../../../../arm-none-eabi/lib/armv6-m/libg_s.a(lib_a-init.o)
                              /opt/Freescale/KDS_v3/toolchain/bin/../lib/gcc/arm-none-eabi/4.8.4/../../../../arm-none-eabi/lib/armv6-m/crt0.o (__libc_init_array)
/opt/Freescale/KDS_v3/toolchain/bin/../lib/gcc/arm-none-eabi/4.8.4/../../../../arm-none-eabi/lib/armv6-m/libg_s.a(lib_a-memcpy-stub.o)
                              ./Sources/project3.o (memcpy)
/opt/Freescale/KDS_v3/toolchain/bin/../lib/gcc/arm-none-eabi/4.8.4/../../../../arm-none-eabi/lib/armv6-m/libg_s.a(lib_a-memset.o)
                              /opt/Freescale/KDS_v3/toolchain/bin/../lib/gcc/arm-none-eabi/4.8.4/../../../../arm-none-eabi/lib/armv6-m/crt0.o (memset)
/opt/Freescale/KDS_v3/toolchain/bin/../lib/gcc/arm-none-eabi/4.8.4/../../../../arm-none-eabi/lib/armv6-m/libnosys.a(_exit.o)
                              /opt/Freescale/KDS_v3/toolchain/bin/../lib/gcc/arm-none-eabi/4.8.4/../../../../arm-none-eabi/lib/armv6-m/libg_s.a(lib_a-exit.o) (_exit)

Allocating common symbols
Common symbol       size              file

spi_stat            0x1               ./Sources/main.o

Discarded input sections

 .text          0x00000000        0x0 /opt/Freescale/KDS_v3/toolchain/bin/../lib/gcc/arm-none-eabi/4.8.4/armv6-m/crti.o
 .data          0x00000000        0x0 /opt/Freescale/KDS_v3/toolchain/bin/../lib/gcc/arm-none-eabi/4.8.4/armv6-m/crti.o
 .bss           0x00000000        0x0 /opt/Freescale/KDS_v3/toolchain/bin/../lib/gcc/arm-none-eabi/4.8.4/armv6-m/crti.o
 .data          0x00000000        0x4 /opt/Freescale/KDS_v3/toolchain/bin/../lib/gcc/arm-none-eabi/4.8.4/armv6-m/crtbegin.o
 .data          0x00000000        0x0 /opt/Freescale/KDS_v3/toolchain/bin/../lib/gcc/arm-none-eabi/4.8.4/../../../../arm-none-eabi/lib/armv6-m/crt0.o
 .bss           0x00000000        0x0 /opt/Freescale/KDS_v3/toolchain/bin/../lib/gcc/arm-none-eabi/4.8.4/../../../../arm-none-eabi/lib/armv6-m/crt0.o
 .ARM.extab     0x00000000        0x0 /opt/Freescale/KDS_v3/toolchain/bin/../lib/gcc/arm-none-eabi/4.8.4/../../../../arm-none-eabi/lib/armv6-m/crt0.o
 .group         0x00000000        0x8 ./Sources/gpio.o
 .group         0x00000000        0x8 ./Sources/gpio.o
 .group         0x00000000        0x8 ./Sources/gpio.o
 .group         0x00000000        0x8 ./Sources/gpio.o
 .group         0x00000000        0x8 ./Sources/gpio.o
 .group         0x00000000        0x8 ./Sources/gpio.o
 .group         0x00000000        0x8 ./Sources/gpio.o
 .group         0x00000000        0x8 ./Sources/gpio.o
 .group         0x00000000        0x8 ./Sources/gpio.o
 .group         0x00000000        0x8 ./Sources/gpio.o
 .group         0x00000000        0x8 ./Sources/gpio.o
 .group         0x00000000        0x8 ./Sources/gpio.o
 .group         0x00000000        0x8 ./Sources/gpio.o
 .group         0x00000000        0x8 ./Sources/gpio.o
 .group         0x00000000        0x8 ./Sources/gpio.o
 .group         0x00000000        0x8 ./Sources/gpio.o
 .group         0x00000000        0x8 ./Sources/gpio.o
 .group         0x00000000        0x8 ./Sources/gpio.o
 .group         0x00000000        0x8 ./Sources/gpio.o
 .group         0x00000000        0x8 ./Sources/gpio.o
 .group         0x00000000        0x8 ./Sources/gpio.o
 .group         0x00000000        0x8 ./Sources/gpio.o
 .group         0x00000000        0x8 ./Sources/gpio.o
 .group         0x00000000        0x8 ./Sources/gpio.o
 .group         0x00000000        0x8 ./Sources/gpio.o
 .group         0x00000000        0x8 ./Sources/gpio.o
 .group         0x00000000        0x8 ./Sources/gpio.o
 .group         0x00000000        0x8 ./Sources/gpio.o
 .group         0x00000000        0x8 ./Sources/gpio.o
 .group         0x00000000        0x8 ./Sources/gpio.o
 .group         0x00000000        0x8 ./Sources/gpio.o
 .text          0x00000000        0x0 ./Sources/gpio.o
 .data          0x00000000        0x0 ./Sources/gpio.o
 .bss           0x00000000        0x0 ./Sources/gpio.o
 .group         0x00000000        0x8 ./Sources/main.o
 .group         0x00000000        0x8 ./Sources/main.o
 .group         0x00000000        0x8 ./Sources/main.o
 .group         0x00000000        0x8 ./Sources/main.o
 .group         0x00000000        0x8 ./Sources/main.o
 .group         0x00000000        0x8 ./Sources/main.o
 .group         0x00000000        0x8 ./Sources/main.o
 .group         0x00000000        0x8 ./Sources/main.o
 .group         0x00000000        0x8 ./Sources/main.o
 .group         0x00000000        0x8 ./Sources/main.o
 .group         0x00000000        0x8 ./Sources/main.o
 .group         0x00000000        0x8 ./Sources/main.o
 .group         0x00000000        0x8 ./Sources/main.o
 .group         0x00000000        0x8 ./Sources/main.o
 .group         0x00000000        0x8 ./Sources/main.o
 .group         0x00000000        0x8 ./Sources/main.o
 .group         0x00000000        0x8 ./Sources/main.o
 .group         0x00000000        0x8 ./Sources/main.o
 .group         0x00000000        0x8 ./Sources/main.o
 .group         0x00000000        0x8 ./Sources/main.o
 .group         0x00000000        0x8 ./Sources/main.o
 .group         0x00000000        0x8 ./Sources/main.o
 .group         0x00000000        0x8 ./Sources/main.o
 .group         0x00000000        0x8 ./Sources/main.o
 .group         0x00000000        0x8 ./Sources/main.o
 .group         0x00000000        0x8 ./Sources/main.o
 .group         0x00000000        0x8 ./Sources/main.o
 .group         0x00000000        0x8 ./Sources/main.o
 .group         0x00000000        0x8 ./Sources/main.o
 .group         0x00000000        0x8 ./Sources/main.o
 .group         0x00000000        0x8 ./Sources/main.o
 .group         0x00000000        0x8 ./Sources/main.o
 .text          0x00000000        0x0 ./Sources/main.o
 .data          0x00000000        0x0 ./Sources/main.o
 .bss           0x00000000        0x0 ./Sources/main.o
 .bss.i         0x00000000        0x4 ./Sources/main.o
 .debug_macro   0x00000000      0x802 ./Sources/main.o
 .debug_macro   0x00000000       0x16 ./Sources/main.o
 .debug_macro   0x00000000       0x44 ./Sources/main.o
 .debug_macro   0x00000000      0x209 ./Sources/main.o
 .debug_macro   0x00000000       0x3a ./Sources/main.o
 .debug_macro   0x00000000       0x26 ./Sources/main.o
 .debug_macro   0x00000000      0x306 ./Sources/main.o
 .debug_macro   0x00000000       0x63 ./Sources/main.o
 .debug_macro   0x00000000     0x839f ./Sources/main.o
 .debug_macro   0x00000000       0x58 ./Sources/main.o
 .debug_macro   0x00000000       0x35 ./Sources/main.o
 .debug_macro   0x00000000       0xa3 ./Sources/main.o
 .debug_macro   0x00000000       0x16 ./Sources/main.o
 .debug_macro   0x00000000       0x97 ./Sources/main.o
 .debug_macro   0x00000000       0x10 ./Sources/main.o
 .debug_macro   0x00000000       0xef ./Sources/main.o
 .debug_macro   0x00000000       0x52 ./Sources/main.o
 .debug_macro   0x00000000       0x16 ./Sources/main.o
 .debug_macro   0x00000000       0x43 ./Sources/main.o
 .debug_macro   0x00000000      0x180 ./Sources/main.o
 .debug_macro   0x00000000       0x10 ./Sources/main.o
 .debug_macro   0x00000000       0x22 ./Sources/main.o
 .debug_macro   0x00000000       0xbd ./Sources/main.o
 .debug_macro   0x00000000       0x16 ./Sources/main.o
 .debug_macro   0x00000000      0x14a ./Sources/main.o
 .debug_macro   0x00000000       0x16 ./Sources/main.o
 .debug_macro   0x00000000       0x35 ./Sources/main.o
 .debug_macro   0x00000000       0x22 ./Sources/main.o
 .debug_macro   0x00000000       0x22 ./Sources/main.o
 .group         0x00000000        0x8 ./Sources/nordic.o
 .group         0x00000000        0x8 ./Sources/nordic.o
 .group         0x00000000        0x8 ./Sources/nordic.o
 .group         0x00000000        0x8 ./Sources/nordic.o
 .group         0x00000000        0x8 ./Sources/nordic.o
 .group         0x00000000        0x8 ./Sources/nordic.o
 .group         0x00000000        0x8 ./Sources/nordic.o
 .group         0x00000000        0x8 ./Sources/nordic.o
 .group         0x00000000        0x8 ./Sources/nordic.o
 .group         0x00000000        0x8 ./Sources/nordic.o
 .group         0x00000000        0x8 ./Sources/nordic.o
 .group         0x00000000        0x8 ./Sources/nordic.o
 .group         0x00000000        0x8 ./Sources/nordic.o
 .group         0x00000000        0x8 ./Sources/nordic.o
 .group         0x00000000        0x8 ./Sources/nordic.o
 .group         0x00000000        0x8 ./Sources/nordic.o
 .group         0x00000000        0x8 ./Sources/nordic.o
 .group         0x00000000        0x8 ./Sources/nordic.o
 .group         0x00000000        0x8 ./Sources/nordic.o
 .group         0x00000000        0x8 ./Sources/nordic.o
 .group         0x00000000        0x8 ./Sources/nordic.o
 .group         0x00000000        0x8 ./Sources/nordic.o
 .group         0x00000000        0x8 ./Sources/nordic.o
 .group         0x00000000        0x8 ./Sources/nordic.o
 .group         0x00000000        0x8 ./Sources/nordic.o
 .group         0x00000000        0x8 ./Sources/nordic.o
 .group         0x00000000        0x8 ./Sources/nordic.o
 .group         0x00000000        0x8 ./Sources/nordic.o
 .group         0x00000000        0x8 ./Sources/nordic.o
 .group         0x00000000        0x8 ./Sources/nordic.o
 .group         0x00000000        0x8 ./Sources/nordic.o
 .group         0x00000000        0x8 ./Sources/nordic.o
 .group         0x00000000        0x8 ./Sources/nordic.o
 .text          0x00000000        0x0 ./Sources/nordic.o
 .data          0x00000000        0x0 ./Sources/nordic.o
 .bss           0x00000000        0x0 ./Sources/nordic.o
 .text.nrf_flush_tx_fifo
                0x00000000       0x20 ./Sources/nordic.o
 .text.nrf_flush_rx_fifo
                0x00000000       0x20 ./Sources/nordic.o
 .debug_macro   0x00000000      0x802 ./Sources/nordic.o
 .debug_macro   0x00000000       0x16 ./Sources/nordic.o
 .debug_macro   0x00000000       0x44 ./Sources/nordic.o
 .debug_macro   0x00000000      0x209 ./Sources/nordic.o
 .debug_macro   0x00000000       0x58 ./Sources/nordic.o
 .debug_macro   0x00000000       0x35 ./Sources/nordic.o
 .debug_macro   0x00000000       0xa3 ./Sources/nordic.o
 .debug_macro   0x00000000       0x16 ./Sources/nordic.o
 .debug_macro   0x00000000       0x97 ./Sources/nordic.o
 .debug_macro   0x00000000       0x10 ./Sources/nordic.o
 .debug_macro   0x00000000       0xef ./Sources/nordic.o
 .debug_macro   0x00000000       0x52 ./Sources/nordic.o
 .debug_macro   0x00000000       0x16 ./Sources/nordic.o
 .debug_macro   0x00000000       0x43 ./Sources/nordic.o
 .debug_macro   0x00000000      0x180 ./Sources/nordic.o
 .debug_macro   0x00000000       0x10 ./Sources/nordic.o
 .debug_macro   0x00000000       0x22 ./Sources/nordic.o
 .debug_macro   0x00000000       0xbd ./Sources/nordic.o
 .debug_macro   0x00000000       0x16 ./Sources/nordic.o
 .debug_macro   0x00000000      0x14a ./Sources/nordic.o
 .debug_macro   0x00000000       0x16 ./Sources/nordic.o
 .debug_macro   0x00000000       0x35 ./Sources/nordic.o
 .debug_macro   0x00000000       0x22 ./Sources/nordic.o
 .debug_macro   0x00000000       0x22 ./Sources/nordic.o
 .debug_macro   0x00000000       0x4c ./Sources/nordic.o
 .debug_macro   0x00000000       0x3a ./Sources/nordic.o
 .debug_macro   0x00000000       0x26 ./Sources/nordic.o
 .debug_macro   0x00000000      0x306 ./Sources/nordic.o
 .debug_macro   0x00000000       0x63 ./Sources/nordic.o
 .debug_macro   0x00000000     0x839f ./Sources/nordic.o
 .group         0x00000000        0x8 ./Sources/project3.o
 .group         0x00000000        0x8 ./Sources/project3.o
 .group         0x00000000        0x8 ./Sources/project3.o
 .group         0x00000000        0x8 ./Sources/project3.o
 .group         0x00000000        0x8 ./Sources/project3.o
 .group         0x00000000        0x8 ./Sources/project3.o
 .group         0x00000000        0x8 ./Sources/project3.o
 .group         0x00000000        0x8 ./Sources/project3.o
 .group         0x00000000        0x8 ./Sources/project3.o
 .group         0x00000000        0x8 ./Sources/project3.o
 .group         0x00000000        0x8 ./Sources/project3.o
 .group         0x00000000        0x8 ./Sources/project3.o
 .group         0x00000000        0x8 ./Sources/project3.o
 .group         0x00000000        0x8 ./Sources/project3.o
 .group         0x00000000        0x8 ./Sources/project3.o
 .group         0x00000000        0x8 ./Sources/project3.o
 .group         0x00000000        0x8 ./Sources/project3.o
 .group         0x00000000        0x8 ./Sources/project3.o
 .group         0x00000000        0x8 ./Sources/project3.o
 .group         0x00000000        0x8 ./Sources/project3.o
 .group         0x00000000        0x8 ./Sources/project3.o
 .group         0x00000000        0x8 ./Sources/project3.o
 .group         0x00000000        0x8 ./Sources/project3.o
 .group         0x00000000        0x8 ./Sources/project3.o
 .group         0x00000000        0x8 ./Sources/project3.o
 .group         0x00000000        0x8 ./Sources/project3.o
 .group         0x00000000        0x8 ./Sources/project3.o
 .group         0x00000000        0x8 ./Sources/project3.o
 .group         0x00000000        0x8 ./Sources/project3.o
 .group         0x00000000        0x8 ./Sources/project3.o
 .group         0x00000000        0x8 ./Sources/project3.o
 .group         0x00000000        0x8 ./Sources/project3.o
 .group         0x00000000        0x8 ./Sources/project3.o
 .text          0x00000000        0x0 ./Sources/project3.o
 .data          0x00000000        0x0 ./Sources/project3.o
 .bss           0x00000000        0x0 ./Sources/project3.o
 .debug_macro   0x00000000      0x802 ./Sources/project3.o
 .debug_macro   0x00000000       0x16 ./Sources/project3.o
 .debug_macro   0x00000000       0x44 ./Sources/project3.o
 .debug_macro   0x00000000      0x209 ./Sources/project3.o
 .debug_macro   0x00000000       0x58 ./Sources/project3.o
 .debug_macro   0x00000000       0x35 ./Sources/project3.o
 .debug_macro   0x00000000       0xa3 ./Sources/project3.o
 .debug_macro   0x00000000       0x16 ./Sources/project3.o
 .debug_macro   0x00000000       0x97 ./Sources/project3.o
 .debug_macro   0x00000000       0x10 ./Sources/project3.o
 .debug_macro   0x00000000       0xef ./Sources/project3.o
 .debug_macro   0x00000000       0x52 ./Sources/project3.o
 .debug_macro   0x00000000       0x16 ./Sources/project3.o
 .debug_macro   0x00000000       0x43 ./Sources/project3.o
 .debug_macro   0x00000000      0x180 ./Sources/project3.o
 .debug_macro   0x00000000       0x10 ./Sources/project3.o
 .debug_macro   0x00000000       0x22 ./Sources/project3.o
 .debug_macro   0x00000000       0xbd ./Sources/project3.o
 .debug_macro   0x00000000       0x16 ./Sources/project3.o
 .debug_macro   0x00000000      0x14a ./Sources/project3.o
 .debug_macro   0x00000000       0x16 ./Sources/project3.o
 .debug_macro   0x00000000       0x35 ./Sources/project3.o
 .debug_macro   0x00000000       0x22 ./Sources/project3.o
 .debug_macro   0x00000000       0x22 ./Sources/project3.o
 .debug_macro   0x00000000       0x1c ./Sources/project3.o
 .debug_macro   0x00000000       0x4c ./Sources/project3.o
 .debug_macro   0x00000000       0x3a ./Sources/project3.o
 .debug_macro   0x00000000       0x26 ./Sources/project3.o
 .debug_macro   0x00000000      0x306 ./Sources/project3.o
 .debug_macro   0x00000000       0x63 ./Sources/project3.o
 .debug_macro   0x00000000     0x839f ./Sources/project3.o
 .group         0x00000000        0x8 ./Sources/spi.o
 .group         0x00000000        0x8 ./Sources/spi.o
 .group         0x00000000        0x8 ./Sources/spi.o
 .group         0x00000000        0x8 ./Sources/spi.o
 .group         0x00000000        0x8 ./Sources/spi.o
 .group         0x00000000        0x8 ./Sources/spi.o
 .group         0x00000000        0x8 ./Sources/spi.o
 .group         0x00000000        0x8 ./Sources/spi.o
 .group         0x00000000        0x8 ./Sources/spi.o
 .group         0x00000000        0x8 ./Sources/spi.o
 .group         0x00000000        0x8 ./Sources/spi.o
 .group         0x00000000        0x8 ./Sources/spi.o
 .group         0x00000000        0x8 ./Sources/spi.o
 .group         0x00000000        0x8 ./Sources/spi.o
 .group         0x00000000        0x8 ./Sources/spi.o
 .group         0x00000000        0x8 ./Sources/spi.o
 .group         0x00000000        0x8 ./Sources/spi.o
 .group         0x00000000        0x8 ./Sources/spi.o
 .group         0x00000000        0x8 ./Sources/spi.o
 .group         0x00000000        0x8 ./Sources/spi.o
 .group         0x00000000        0x8 ./Sources/spi.o
 .group         0x00000000        0x8 ./Sources/spi.o
 .group         0x00000000        0x8 ./Sources/spi.o
 .group         0x00000000        0x8 ./Sources/spi.o
 .group         0x00000000        0x8 ./Sources/spi.o
 .group         0x00000000        0x8 ./Sources/spi.o
 .group         0x00000000        0x8 ./Sources/spi.o
 .group         0x00000000        0x8 ./Sources/spi.o
 .group         0x00000000        0x8 ./Sources/spi.o
 .group         0x00000000        0x8 ./Sources/spi.o
 .group         0x00000000        0x8 ./Sources/spi.o
 .text          0x00000000        0x0 ./Sources/spi.o
 .data          0x00000000        0x0 ./Sources/spi.o
 .bss           0x00000000        0x0 ./Sources/spi.o
 .text.SPI_read_byte
                0x00000000       0x3c ./Sources/spi.o
 .text.SPI_send_packet
                0x00000000       0x40 ./Sources/spi.o
 .text.SPI_flush
                0x00000000       0x20 ./Sources/spi.o
 .debug_macro   0x00000000      0x802 ./Sources/spi.o
 .debug_macro   0x00000000       0x16 ./Sources/spi.o
 .debug_macro   0x00000000       0x44 ./Sources/spi.o
 .debug_macro   0x00000000      0x209 ./Sources/spi.o
 .debug_macro   0x00000000       0x58 ./Sources/spi.o
 .debug_macro   0x00000000       0x35 ./Sources/spi.o
 .debug_macro   0x00000000       0xa3 ./Sources/spi.o
 .debug_macro   0x00000000       0x16 ./Sources/spi.o
 .debug_macro   0x00000000       0x97 ./Sources/spi.o
 .debug_macro   0x00000000       0x10 ./Sources/spi.o
 .debug_macro   0x00000000       0xef ./Sources/spi.o
 .debug_macro   0x00000000       0x52 ./Sources/spi.o
 .debug_macro   0x00000000       0x16 ./Sources/spi.o
 .debug_macro   0x00000000       0x43 ./Sources/spi.o
 .debug_macro   0x00000000      0x180 ./Sources/spi.o
 .debug_macro   0x00000000       0x10 ./Sources/spi.o
 .debug_macro   0x00000000       0x22 ./Sources/spi.o
 .debug_macro   0x00000000       0xbd ./Sources/spi.o
 .debug_macro   0x00000000       0x16 ./Sources/spi.o
 .debug_macro   0x00000000      0x14a ./Sources/spi.o
 .debug_macro   0x00000000       0x16 ./Sources/spi.o
 .debug_macro   0x00000000       0x35 ./Sources/spi.o
 .debug_macro   0x00000000       0x22 ./Sources/spi.o
 .debug_macro   0x00000000       0x22 ./Sources/spi.o
 .debug_macro   0x00000000       0x22 ./Sources/spi.o
 .debug_macro   0x00000000       0x4c ./Sources/spi.o
 .debug_macro   0x00000000       0x3a ./Sources/spi.o
 .debug_macro   0x00000000       0x26 ./Sources/spi.o
 .debug_macro   0x00000000      0x306 ./Sources/spi.o
 .debug_macro   0x00000000       0x63 ./Sources/spi.o
 .debug_macro   0x00000000     0x839f ./Sources/spi.o
 .data          0x00000000        0x0 ./Project_Settings/Startup_Code/startup_MKL25Z4.o
 .bss           0x00000000        0x0 ./Project_Settings/Startup_Code/startup_MKL25Z4.o
 .group         0x00000000        0x8 ./Project_Settings/Startup_Code/system_MKL25Z4.o
 .group         0x00000000        0x8 ./Project_Settings/Startup_Code/system_MKL25Z4.o
 .group         0x00000000        0x8 ./Project_Settings/Startup_Code/system_MKL25Z4.o
 .group         0x00000000        0x8 ./Project_Settings/Startup_Code/system_MKL25Z4.o
 .group         0x00000000        0x8 ./Project_Settings/Startup_Code/system_MKL25Z4.o
 .group         0x00000000        0x8 ./Project_Settings/Startup_Code/system_MKL25Z4.o
 .group         0x00000000        0x8 ./Project_Settings/Startup_Code/system_MKL25Z4.o
 .group         0x00000000        0x8 ./Project_Settings/Startup_Code/system_MKL25Z4.o
 .group         0x00000000        0x8 ./Project_Settings/Startup_Code/system_MKL25Z4.o
 .group         0x00000000        0x8 ./Project_Settings/Startup_Code/system_MKL25Z4.o
 .text          0x00000000        0x0 ./Project_Settings/Startup_Code/system_MKL25Z4.o
 .data          0x00000000        0x0 ./Project_Settings/Startup_Code/system_MKL25Z4.o
 .bss           0x00000000        0x0 ./Project_Settings/Startup_Code/system_MKL25Z4.o
 .data.SystemCoreClock
                0x00000000        0x4 ./Project_Settings/Startup_Code/system_MKL25Z4.o
 .text.SystemCoreClockUpdate
                0x00000000      0x23c ./Project_Settings/Startup_Code/system_MKL25Z4.o
 .debug_macro   0x00000000      0x802 ./Project_Settings/Startup_Code/system_MKL25Z4.o
 .debug_macro   0x00000000       0x16 ./Project_Settings/Startup_Code/system_MKL25Z4.o
 .debug_macro   0x00000000       0x44 ./Project_Settings/Startup_Code/system_MKL25Z4.o
 .debug_macro   0x00000000      0x209 ./Project_Settings/Startup_Code/system_MKL25Z4.o
 .debug_macro   0x00000000       0x4c ./Project_Settings/Startup_Code/system_MKL25Z4.o
 .debug_macro   0x00000000       0x3a ./Project_Settings/Startup_Code/system_MKL25Z4.o
 .debug_macro   0x00000000       0x26 ./Project_Settings/Startup_Code/system_MKL25Z4.o
 .debug_macro   0x00000000      0x306 ./Project_Settings/Startup_Code/system_MKL25Z4.o
 .debug_macro   0x00000000       0x63 ./Project_Settings/Startup_Code/system_MKL25Z4.o
 .debug_macro   0x00000000     0x839f ./Project_Settings/Startup_Code/system_MKL25Z4.o
 .text          0x00000000       0x9c /opt/Freescale/KDS_v3/toolchain/bin/../lib/gcc/arm-none-eabi/4.8.4/armv6-m/libgcc.a(_udivsi3.o)
 .data          0x00000000        0x0 /opt/Freescale/KDS_v3/toolchain/bin/../lib/gcc/arm-none-eabi/4.8.4/armv6-m/libgcc.a(_udivsi3.o)
 .bss           0x00000000        0x0 /opt/Freescale/KDS_v3/toolchain/bin/../lib/gcc/arm-none-eabi/4.8.4/armv6-m/libgcc.a(_udivsi3.o)
 .debug_frame   0x00000000       0x20 /opt/Freescale/KDS_v3/toolchain/bin/../lib/gcc/arm-none-eabi/4.8.4/armv6-m/libgcc.a(_udivsi3.o)
 .ARM.attributes
                0x00000000       0x1e /opt/Freescale/KDS_v3/toolchain/bin/../lib/gcc/arm-none-eabi/4.8.4/armv6-m/libgcc.a(_udivsi3.o)
 .text          0x00000000        0x4 /opt/Freescale/KDS_v3/toolchain/bin/../lib/gcc/arm-none-eabi/4.8.4/armv6-m/libgcc.a(_dvmd_tls.o)
 .data          0x00000000        0x0 /opt/Freescale/KDS_v3/toolchain/bin/../lib/gcc/arm-none-eabi/4.8.4/armv6-m/libgcc.a(_dvmd_tls.o)
 .bss           0x00000000        0x0 /opt/Freescale/KDS_v3/toolchain/bin/../lib/gcc/arm-none-eabi/4.8.4/armv6-m/libgcc.a(_dvmd_tls.o)
 .ARM.attributes
                0x00000000       0x1e /opt/Freescale/KDS_v3/toolchain/bin/../lib/gcc/arm-none-eabi/4.8.4/armv6-m/libgcc.a(_dvmd_tls.o)
 .text          0x00000000        0x0 /opt/Freescale/KDS_v3/toolchain/bin/../lib/gcc/arm-none-eabi/4.8.4/../../../../arm-none-eabi/lib/armv6-m/libg_s.a(lib_a-exit.o)
 .data          0x00000000        0x0 /opt/Freescale/KDS_v3/toolchain/bin/../lib/gcc/arm-none-eabi/4.8.4/../../../../arm-none-eabi/lib/armv6-m/libg_s.a(lib_a-exit.o)
 .bss           0x00000000        0x0 /opt/Freescale/KDS_v3/toolchain/bin/../lib/gcc/arm-none-eabi/4.8.4/../../../../arm-none-eabi/lib/armv6-m/libg_s.a(lib_a-exit.o)
 .text          0x00000000        0x0 /opt/Freescale/KDS_v3/toolchain/bin/../lib/gcc/arm-none-eabi/4.8.4/../../../../arm-none-eabi/lib/armv6-m/libg_s.a(lib_a-impure.o)
 .data          0x00000000        0x0 /opt/Freescale/KDS_v3/toolchain/bin/../lib/gcc/arm-none-eabi/4.8.4/../../../../arm-none-eabi/lib/armv6-m/libg_s.a(lib_a-impure.o)
 .bss           0x00000000        0x0 /opt/Freescale/KDS_v3/toolchain/bin/../lib/gcc/arm-none-eabi/4.8.4/../../../../arm-none-eabi/lib/armv6-m/libg_s.a(lib_a-impure.o)
 .data._impure_ptr
                0x00000000        0x4 /opt/Freescale/KDS_v3/toolchain/bin/../lib/gcc/arm-none-eabi/4.8.4/../../../../arm-none-eabi/lib/armv6-m/libg_s.a(lib_a-impure.o)
 .text          0x00000000        0x0 /opt/Freescale/KDS_v3/toolchain/bin/../lib/gcc/arm-none-eabi/4.8.4/../../../../arm-none-eabi/lib/armv6-m/libg_s.a(lib_a-init.o)
 .data          0x00000000        0x0 /opt/Freescale/KDS_v3/toolchain/bin/../lib/gcc/arm-none-eabi/4.8.4/../../../../arm-none-eabi/lib/armv6-m/libg_s.a(lib_a-init.o)
 .bss           0x00000000        0x0 /opt/Freescale/KDS_v3/toolchain/bin/../lib/gcc/arm-none-eabi/4.8.4/../../../../arm-none-eabi/lib/armv6-m/libg_s.a(lib_a-init.o)
 .text          0x00000000        0x0 /opt/Freescale/KDS_v3/toolchain/bin/../lib/gcc/arm-none-eabi/4.8.4/../../../../arm-none-eabi/lib/armv6-m/libg_s.a(lib_a-memcpy-stub.o)
 .data          0x00000000        0x0 /opt/Freescale/KDS_v3/toolchain/bin/../lib/gcc/arm-none-eabi/4.8.4/../../../../arm-none-eabi/lib/armv6-m/libg_s.a(lib_a-memcpy-stub.o)
 .bss           0x00000000        0x0 /opt/Freescale/KDS_v3/toolchain/bin/../lib/gcc/arm-none-eabi/4.8.4/../../../../arm-none-eabi/lib/armv6-m/libg_s.a(lib_a-memcpy-stub.o)
 .text          0x00000000        0x0 /opt/Freescale/KDS_v3/toolchain/bin/../lib/gcc/arm-none-eabi/4.8.4/../../../../arm-none-eabi/lib/armv6-m/libg_s.a(lib_a-memset.o)
 .data          0x00000000        0x0 /opt/Freescale/KDS_v3/toolchain/bin/../lib/gcc/arm-none-eabi/4.8.4/../../../../arm-none-eabi/lib/armv6-m/libg_s.a(lib_a-memset.o)
 .bss           0x00000000        0x0 /opt/Freescale/KDS_v3/toolchain/bin/../lib/gcc/arm-none-eabi/4.8.4/../../../../arm-none-eabi/lib/armv6-m/libg_s.a(lib_a-memset.o)
 .text          0x00000000        0x0 /opt/Freescale/KDS_v3/toolchain/bin/../lib/gcc/arm-none-eabi/4.8.4/../../../../arm-none-eabi/lib/armv6-m/libnosys.a(_exit.o)
 .data          0x00000000        0x0 /opt/Freescale/KDS_v3/toolchain/bin/../lib/gcc/arm-none-eabi/4.8.4/../../../../arm-none-eabi/lib/armv6-m/libnosys.a(_exit.o)
 .bss           0x00000000        0x0 /opt/Freescale/KDS_v3/toolchain/bin/../lib/gcc/arm-none-eabi/4.8.4/../../../../arm-none-eabi/lib/armv6-m/libnosys.a(_exit.o)
 .text          0x00000000        0x0 /opt/Freescale/KDS_v3/toolchain/bin/../lib/gcc/arm-none-eabi/4.8.4/armv6-m/crtend.o
 .data          0x00000000        0x0 /opt/Freescale/KDS_v3/toolchain/bin/../lib/gcc/arm-none-eabi/4.8.4/armv6-m/crtend.o
 .bss           0x00000000        0x0 /opt/Freescale/KDS_v3/toolchain/bin/../lib/gcc/arm-none-eabi/4.8.4/armv6-m/crtend.o
 .eh_frame      0x00000000        0x4 /opt/Freescale/KDS_v3/toolchain/bin/../lib/gcc/arm-none-eabi/4.8.4/armv6-m/crtend.o
 .text          0x00000000        0x0 /opt/Freescale/KDS_v3/toolchain/bin/../lib/gcc/arm-none-eabi/4.8.4/armv6-m/crtn.o
 .data          0x00000000        0x0 /opt/Freescale/KDS_v3/toolchain/bin/../lib/gcc/arm-none-eabi/4.8.4/armv6-m/crtn.o
 .bss           0x00000000        0x0 /opt/Freescale/KDS_v3/toolchain/bin/../lib/gcc/arm-none-eabi/4.8.4/armv6-m/crtn.o

Memory Configuration

Name             Origin             Length             Attributes
m_interrupts     0x00000000         0x00000100         xr
m_flash_config   0x00000400         0x00000010         xr
m_text           0x00000410         0x0001fbf0         xr
m_data           0x1ffff000         0x00004000         rw
*default*        0x00000000         0xffffffff

Linker script and memory map

LOAD /opt/Freescale/KDS_v3/toolchain/bin/../lib/gcc/arm-none-eabi/4.8.4/armv6-m/crti.o
LOAD /opt/Freescale/KDS_v3/toolchain/bin/../lib/gcc/arm-none-eabi/4.8.4/armv6-m/crtbegin.o
LOAD /opt/Freescale/KDS_v3/toolchain/bin/../lib/gcc/arm-none-eabi/4.8.4/../../../../arm-none-eabi/lib/armv6-m/crt0.o
LOAD ./Sources/gpio.o
LOAD ./Sources/main.o
LOAD ./Sources/nordic.o
LOAD ./Sources/project3.o
LOAD ./Sources/spi.o
LOAD ./Project_Settings/Startup_Code/startup_MKL25Z4.o
LOAD ./Project_Settings/Startup_Code/system_MKL25Z4.o
LOAD /opt/Freescale/KDS_v3/toolchain/bin/../lib/gcc/arm-none-eabi/4.8.4/../../../../arm-none-eabi/lib/armv6-m/libstdc++_s.a
LOAD /opt/Freescale/KDS_v3/toolchain/bin/../lib/gcc/arm-none-eabi/4.8.4/../../../../arm-none-eabi/lib/armv6-m/libm.a
START GROUP
LOAD /opt/Freescale/KDS_v3/toolchain/bin/../lib/gcc/arm-none-eabi/4.8.4/armv6-m/libgcc.a
LOAD /opt/Freescale/KDS_v3/toolchain/bin/../lib/gcc/arm-none-eabi/4.8.4/../../../../arm-none-eabi/lib/armv6-m/libg_s.a
LOAD /opt/Freescale/KDS_v3/toolchain/bin/../lib/gcc/arm-none-eabi/4.8.4/../../../../arm-none-eabi/lib/armv6-m/libc_s.a
END GROUP
START GROUP
LOAD /opt/Freescale/KDS_v3/toolchain/bin/../lib/gcc/arm-none-eabi/4.8.4/armv6-m/libgcc.a
LOAD /opt/Freescale/KDS_v3/toolchain/bin/../lib/gcc/arm-none-eabi/4.8.4/../../../../arm-none-eabi/lib/armv6-m/libc_s.a
LOAD /opt/Freescale/KDS_v3/toolchain/bin/../lib/gcc/arm-none-eabi/4.8.4/../../../../arm-none-eabi/lib/armv6-m/libnosys.a
END GROUP
START GROUP
LOAD /opt/Freescale/KDS_v3/toolchain/bin/../lib/gcc/arm-none-eabi/4.8.4/armv6-m/libgcc.a
LOAD /opt/Freescale/KDS_v3/toolchain/bin/../lib/gcc/arm-none-eabi/4.8.4/../../../../arm-none-eabi/lib/armv6-m/libc_s.a
LOAD /opt/Freescale/KDS_v3/toolchain/bin/../lib/gcc/arm-none-eabi/4.8.4/../../../../arm-none-eabi/lib/armv6-m/libnosys.a
END GROUP
LOAD /opt/Freescale/KDS_v3/toolchain/bin/../lib/gcc/arm-none-eabi/4.8.4/armv6-m/crtend.o
LOAD /opt/Freescale/KDS_v3/toolchain/bin/../lib/gcc/arm-none-eabi/4.8.4/armv6-m/crtn.o
                0x00000400                HEAP_SIZE = DEFINED (__heap_size__)?__heap_size__:0x400
                0x00000400                STACK_SIZE = DEFINED (__stack_size__)?__stack_size__:0x400

.interrupts     0x00000000       0xc0
                0x00000000                __VECTOR_TABLE = .
                0x00000000                . = ALIGN (0x4)
 *(.isr_vector)
 .isr_vector    0x00000000       0xc0 ./Project_Settings/Startup_Code/startup_MKL25Z4.o
                0x00000000                __isr_vector
                0x000000c0                . = ALIGN (0x4)

.flash_config   0x00000400       0x10
                0x00000400                . = ALIGN (0x4)
 *(.FlashConfig)
 .FlashConfig   0x00000400       0x10 ./Project_Settings/Startup_Code/startup_MKL25Z4.o
                0x00000410                . = ALIGN (0x4)

.text           0x00000410      0x794
                0x00000410                . = ALIGN (0x4)
 *(.text)
 .text          0x00000410       0x60 /opt/Freescale/KDS_v3/toolchain/bin/../lib/gcc/arm-none-eabi/4.8.4/armv6-m/crtbegin.o
 .text          0x00000470       0x78 /opt/Freescale/KDS_v3/toolchain/bin/../lib/gcc/arm-none-eabi/4.8.4/../../../../arm-none-eabi/lib/armv6-m/crt0.o
                0x00000470                _mainCRTStartup
                0x00000470                _start
 .text          0x000004e8       0x34 ./Project_Settings/Startup_Code/startup_MKL25Z4.o
                0x000004e8                Reset_Handler
                0x00000514                I2C0_IRQHandler
                0x00000514                HardFault_Handler
                0x00000514                SysTick_Handler
                0x00000514                PendSV_Handler
                0x00000514                NMI_Handler
                0x00000514                I2C1_IRQHandler
                0x00000514                UART1_IRQHandler
                0x00000514                DMA2_IRQHandler
                0x00000514                TPM0_IRQHandler
                0x00000514                LLWU_IRQHandler
                0x00000514                TSI0_IRQHandler
                0x00000514                UART0_IRQHandler
                0x00000514                ADC0_IRQHandler
                0x00000514                Reserved39_IRQHandler
                0x00000514                SPI1_IRQHandler
                0x00000514                DefaultISR
                0x00000514                PORTD_IRQHandler
                0x00000514                TPM2_IRQHandler
                0x00000514                RTC_IRQHandler
                0x00000514                RTC_Seconds_IRQHandler
                0x00000514                MCG_IRQHandler
                0x00000514                UART2_IRQHandler
                0x00000514                Reserved20_IRQHandler
                0x00000514                USB0_IRQHandler
                0x00000514                PIT_IRQHandler
                0x00000514                SVC_Handler
                0x00000514                DMA3_IRQHandler
                0x00000514                DMA0_IRQHandler
                0x00000514                DAC0_IRQHandler
                0x00000514                Reserved45_IRQHandler
                0x00000514                TPM1_IRQHandler
                0x00000514                LVD_LVW_IRQHandler
                0x00000514                SPI0_IRQHandler
                0x00000514                PORTA_IRQHandler
                0x00000514                FTFA_IRQHandler
                0x00000514                LPTMR0_IRQHandler
                0x00000514                CMP0_IRQHandler
                0x00000514                DMA1_IRQHandler
 *(.text*)
 .text.GPIO_nrf_init
                0x0000051c       0x7c ./Sources/gpio.o
                0x0000051c                GPIO_nrf_init
 .text.main     0x00000598       0x10 ./Sources/main.o
                0x00000598                main
 .text.nrf_read_register
                0x000005a8       0x34 ./Sources/nordic.o
                0x000005a8                nrf_read_register
 .text.nrf_write_register
                0x000005dc       0x34 ./Sources/nordic.o
                0x000005dc                nrf_write_register
 .text.nrf_read_status
                0x00000610       0x30 ./Sources/nordic.o
                0x00000610                nrf_read_status
 .text.nrf_write_config
                0x00000640       0x30 ./Sources/nordic.o
                0x00000640                nrf_write_config
 .text.nrf_read_config
                0x00000670       0x30 ./Sources/nordic.o
                0x00000670                nrf_read_config
 .text.nrf_read_rf_setup
                0x000006a0       0x30 ./Sources/nordic.o
                0x000006a0                nrf_read_rf_setup
 .text.nrf_write_rf_setup
                0x000006d0       0x30 ./Sources/nordic.o
                0x000006d0                nrf_write_rf_setup
 .text.nrf_read_rf_ch
                0x00000700       0x30 ./Sources/nordic.o
                0x00000700                nrf_read_rf_ch
 .text.nrf_write_rf_ch
                0x00000730       0x30 ./Sources/nordic.o
                0x00000730                nrf_write_rf_ch
 .text.nrf_read_TX_ADDR
                0x00000760       0x5c ./Sources/nordic.o
                0x00000760                nrf_read_TX_ADDR
 .text.nrf_write_TX_ADDR
                0x000007bc       0x58 ./Sources/nordic.o
                0x000007bc                nrf_write_TX_ADDR
 .text.nrf_read_fifo_status
                0x00000814       0x30 ./Sources/nordic.o
                0x00000814                nrf_read_fifo_status
 .text.project3
                0x00000844       0x18 ./Sources/project3.o
                0x00000844                project3
 .text.test_spi
                0x0000085c      0x1f0 ./Sources/project3.o
                0x0000085c                test_spi
 .text.SPI_init
                0x00000a4c       0x18 ./Sources/spi.o
                0x00000a4c                SPI_init
 .text.SPI_write_byte
                0x00000a64       0x60 ./Sources/spi.o
                0x00000a64                SPI_write_byte
 .text.SystemInit
                0x00000ac4       0x18 ./Project_Settings/Startup_Code/system_MKL25Z4.o
                0x00000ac4                SystemInit
 .text.exit     0x00000adc       0x2c /opt/Freescale/KDS_v3/toolchain/bin/../lib/gcc/arm-none-eabi/4.8.4/../../../../arm-none-eabi/lib/armv6-m/libg_s.a(lib_a-exit.o)
                0x00000adc                exit
 .text.__libc_init_array
                0x00000b08       0x4c /opt/Freescale/KDS_v3/toolchain/bin/../lib/gcc/arm-none-eabi/4.8.4/../../../../arm-none-eabi/lib/armv6-m/libg_s.a(lib_a-init.o)
                0x00000b08                __libc_init_array
 .text.memcpy   0x00000b54       0x12 /opt/Freescale/KDS_v3/toolchain/bin/../lib/gcc/arm-none-eabi/4.8.4/../../../../arm-none-eabi/lib/armv6-m/libg_s.a(lib_a-memcpy-stub.o)
                0x00000b54                memcpy
 .text.memset   0x00000b66       0x10 /opt/Freescale/KDS_v3/toolchain/bin/../lib/gcc/arm-none-eabi/4.8.4/../../../../arm-none-eabi/lib/armv6-m/libg_s.a(lib_a-memset.o)
                0x00000b66                memset
 *fill*         0x00000b76        0x2 
 .text._exit    0x00000b78        0x4 /opt/Freescale/KDS_v3/toolchain/bin/../lib/gcc/arm-none-eabi/4.8.4/../../../../arm-none-eabi/lib/armv6-m/libnosys.a(_exit.o)
                0x00000b78                _exit
 *(.rodata)
 .rodata        0x00000b7c        0x8 ./Sources/project3.o
 *(.rodata*)
 .rodata.str1.1
                0x00000b84        0x2 /opt/Freescale/KDS_v3/toolchain/bin/../lib/gcc/arm-none-eabi/4.8.4/../../../../arm-none-eabi/lib/armv6-m/libg_s.a(lib_a-impure.o)
 *fill*         0x00000b86        0x2 
 .rodata._global_impure_ptr
                0x00000b88        0x4 /opt/Freescale/KDS_v3/toolchain/bin/../lib/gcc/arm-none-eabi/4.8.4/../../../../arm-none-eabi/lib/armv6-m/libg_s.a(lib_a-impure.o)
                0x00000b88                _global_impure_ptr
 *(.glue_7)
 .glue_7        0x00000000        0x0 linker stubs
 *(.glue_7t)
 .glue_7t       0x00000000        0x0 linker stubs
 *(.eh_frame)
 .eh_frame      0x00000b8c        0x0 /opt/Freescale/KDS_v3/toolchain/bin/../lib/gcc/arm-none-eabi/4.8.4/armv6-m/crtbegin.o
 *(.init)
 .init          0x00000b8c        0x4 /opt/Freescale/KDS_v3/toolchain/bin/../lib/gcc/arm-none-eabi/4.8.4/armv6-m/crti.o
                0x00000b8c                _init
 .init          0x00000b90        0x8 /opt/Freescale/KDS_v3/toolchain/bin/../lib/gcc/arm-none-eabi/4.8.4/armv6-m/crtn.o
 *(.fini)
 .fini          0x00000b98        0x4 /opt/Freescale/KDS_v3/toolchain/bin/../lib/gcc/arm-none-eabi/4.8.4/armv6-m/crti.o
                0x00000b98                _fini
 .fini          0x00000b9c        0x8 /opt/Freescale/KDS_v3/toolchain/bin/../lib/gcc/arm-none-eabi/4.8.4/armv6-m/crtn.o
                0x00000ba4                . = ALIGN (0x4)

.vfp11_veneer   0x00000ba4        0x0
 .vfp11_veneer  0x00000000        0x0 linker stubs

.v4_bx          0x00000ba4        0x0
 .v4_bx         0x00000000        0x0 linker stubs

.iplt           0x00000ba4        0x0
 .iplt          0x00000000        0x0 /opt/Freescale/KDS_v3/toolchain/bin/../lib/gcc/arm-none-eabi/4.8.4/armv6-m/crtbegin.o

.ARM.extab
 *(.ARM.extab* .gnu.linkonce.armextab.*)

.ARM            0x00000ba4        0x8
                0x00000ba4                __exidx_start = .
 *(.ARM.exidx*)
 .ARM.exidx     0x00000ba4        0x8 /opt/Freescale/KDS_v3/toolchain/bin/../lib/gcc/arm-none-eabi/4.8.4/../../../../arm-none-eabi/lib/armv6-m/crt0.o
                0x00000bac                __exidx_end = .

.rel.dyn        0x00000bac        0x0
 .rel.iplt      0x00000000        0x0 /opt/Freescale/KDS_v3/toolchain/bin/../lib/gcc/arm-none-eabi/4.8.4/armv6-m/crtbegin.o

.ctors          0x00000bac        0x0
                0x00000bac                __CTOR_LIST__ = .
 *crtbegin.o(.ctors)
 *crtbegin?.o(.ctors)
 *(EXCLUDE_FILE(*crtend.o *crtend?.o) .ctors)
 *(SORT(.ctors.*))
 *(.ctors)
                0x00000bac                __CTOR_END__ = .

.dtors          0x00000bac        0x0
                0x00000bac                __DTOR_LIST__ = .
 *crtbegin.o(.dtors)
 *crtbegin?.o(.dtors)
 *(EXCLUDE_FILE(*crtend.o *crtend?.o) .dtors)
 *(SORT(.dtors.*))
 *(.dtors)
                0x00000bac                __DTOR_END__ = .

.preinit_array  0x00000bac        0x0
                0x00000bac                PROVIDE (__preinit_array_start, .)
 *(.preinit_array*)
                0x00000bac                PROVIDE (__preinit_array_end, .)

.init_array     0x00000bac        0x4
                0x00000bac                PROVIDE (__init_array_start, .)
 *(SORT(.init_array.*))
 *(.init_array*)
 .init_array    0x00000bac        0x4 /opt/Freescale/KDS_v3/toolchain/bin/../lib/gcc/arm-none-eabi/4.8.4/armv6-m/crtbegin.o
                0x00000bb0                PROVIDE (__init_array_end, .)

.fini_array     0x00000bb0        0x4
                0x00000bb0                PROVIDE (__fini_array_start, .)
 *(SORT(.fini_array.*))
 *(.fini_array*)
 .fini_array    0x00000bb0        0x4 /opt/Freescale/KDS_v3/toolchain/bin/../lib/gcc/arm-none-eabi/4.8.4/armv6-m/crtbegin.o
                0x00000bb4                PROVIDE (__fini_array_end, .)
                0x00000bb4                __etext = .
                0x00000bb4                __DATA_ROM = .

.mtb            0x1ffff000        0x0
                0x1ffff000                . = ALIGN (0x8)
                0x1ffff000                _mtb_start = .
 *(.mtb_buf)
                0x1ffff000                . = ALIGN (0x8)
                0x1ffff000                _mtb_end = .

.data           0x1ffff000       0x64 load address 0x00000bb4
                0x1ffff000                . = ALIGN (0x4)
                0x1ffff000                __DATA_RAM = .
                0x1ffff000                __data_start__ = .
 *(.data)
 *(.data*)
 .data.impure_data
                0x1ffff000       0x60 /opt/Freescale/KDS_v3/toolchain/bin/../lib/gcc/arm-none-eabi/4.8.4/../../../../arm-none-eabi/lib/armv6-m/libg_s.a(lib_a-impure.o)
 *(.jcr*)
 .jcr           0x1ffff060        0x0 /opt/Freescale/KDS_v3/toolchain/bin/../lib/gcc/arm-none-eabi/4.8.4/armv6-m/crtbegin.o
 .jcr           0x1ffff060        0x4 /opt/Freescale/KDS_v3/toolchain/bin/../lib/gcc/arm-none-eabi/4.8.4/armv6-m/crtend.o
                0x1ffff064                . = ALIGN (0x4)
                0x1ffff064                __data_end__ = .
                0x00000c18                __DATA_END = (__DATA_ROM + (__data_end__ - __data_start__))

.igot.plt       0x1ffff064        0x0 load address 0x00000c18
 .igot.plt      0x00000000        0x0 /opt/Freescale/KDS_v3/toolchain/bin/../lib/gcc/arm-none-eabi/4.8.4/armv6-m/crtbegin.o

.bss            0x1ffff064       0x20 load address 0x00000c18
                0x1ffff064                . = ALIGN (0x4)
                0x1ffff064                __START_BSS = .
                0x1ffff064                __bss_start__ = .
 *(.bss)
 .bss           0x1ffff064       0x1c /opt/Freescale/KDS_v3/toolchain/bin/../lib/gcc/arm-none-eabi/4.8.4/armv6-m/crtbegin.o
 *(.bss*)
 *(COMMON)
 COMMON         0x1ffff080        0x1 ./Sources/main.o
                0x1ffff080                spi_stat
                0x1ffff084                . = ALIGN (0x4)
 *fill*         0x1ffff081        0x3 
                0x1ffff084                __bss_end__ = .
                0x1ffff084                __END_BSS = .

.heap           0x1ffff084      0x404 load address 0x00000c38
                0x1ffff088                . = ALIGN (0x8)
 *fill*         0x1ffff084        0x4 
                0x1ffff088                __end__ = .
                0x1ffff088                PROVIDE (end, .)
                0x1ffff088                __HeapBase = .
                0x1ffff488                . = (. + HEAP_SIZE)
 *fill*         0x1ffff088      0x400 
                0x1ffff488                __HeapLimit = .

.stack          0x1ffff488      0x400 load address 0x0000103c
                0x1ffff488                . = ALIGN (0x8)
                0x1ffff888                . = (. + STACK_SIZE)
 *fill*         0x1ffff488      0x400 
                0x20003000                __StackTop = (ORIGIN (m_data) + 0x4000)
                0x20002c00                __StackLimit = (__StackTop - STACK_SIZE)
                0x20003000                PROVIDE (__stack, __StackTop)

.ARM.attributes
                0x00000000       0x28
 *(.ARM.attributes)
 .ARM.attributes
                0x00000000       0x1e /opt/Freescale/KDS_v3/toolchain/bin/../lib/gcc/arm-none-eabi/4.8.4/armv6-m/crti.o
 .ARM.attributes
                0x0000001e       0x2c /opt/Freescale/KDS_v3/toolchain/bin/../lib/gcc/arm-none-eabi/4.8.4/armv6-m/crtbegin.o
 .ARM.attributes
                0x0000004a       0x1b /opt/Freescale/KDS_v3/toolchain/bin/../lib/gcc/arm-none-eabi/4.8.4/../../../../arm-none-eabi/lib/armv6-m/crt0.o
 .ARM.attributes
                0x00000065       0x32 ./Sources/gpio.o
 .ARM.attributes
                0x00000097       0x32 ./Sources/main.o
 .ARM.attributes
                0x000000c9       0x32 ./Sources/nordic.o
 .ARM.attributes
                0x000000fb       0x32 ./Sources/project3.o
 .ARM.attributes
                0x0000012d       0x32 ./Sources/spi.o
 .ARM.attributes
                0x0000015f       0x1b ./Project_Settings/Startup_Code/startup_MKL25Z4.o
 .ARM.attributes
                0x0000017a       0x32 ./Project_Settings/Startup_Code/system_MKL25Z4.o
 .ARM.attributes
                0x000001ac       0x2c /opt/Freescale/KDS_v3/toolchain/bin/../lib/gcc/arm-none-eabi/4.8.4/../../../../arm-none-eabi/lib/armv6-m/libg_s.a(lib_a-exit.o)
 .ARM.attributes
                0x000001d8       0x2c /opt/Freescale/KDS_v3/toolchain/bin/../lib/gcc/arm-none-eabi/4.8.4/../../../../arm-none-eabi/lib/armv6-m/libg_s.a(lib_a-impure.o)
 .ARM.attributes
                0x00000204       0x2c /opt/Freescale/KDS_v3/toolchain/bin/../lib/gcc/arm-none-eabi/4.8.4/../../../../arm-none-eabi/lib/armv6-m/libg_s.a(lib_a-init.o)
 .ARM.attributes
                0x00000230       0x2c /opt/Freescale/KDS_v3/toolchain/bin/../lib/gcc/arm-none-eabi/4.8.4/../../../../arm-none-eabi/lib/armv6-m/libg_s.a(lib_a-memcpy-stub.o)
 .ARM.attributes
                0x0000025c       0x2c /opt/Freescale/KDS_v3/toolchain/bin/../lib/gcc/arm-none-eabi/4.8.4/../../../../arm-none-eabi/lib/armv6-m/libg_s.a(lib_a-memset.o)
 .ARM.attributes
                0x00000288       0x2c /opt/Freescale/KDS_v3/toolchain/bin/../lib/gcc/arm-none-eabi/4.8.4/../../../../arm-none-eabi/lib/armv6-m/libnosys.a(_exit.o)
 .ARM.attributes
                0x000002b4       0x2c /opt/Freescale/KDS_v3/toolchain/bin/../lib/gcc/arm-none-eabi/4.8.4/armv6-m/crtend.o
 .ARM.attributes
                0x000002e0       0x1e /opt/Freescale/KDS_v3/toolchain/bin/../lib/gcc/arm-none-eabi/4.8.4/armv6-m/crtn.o
                0x00000001                ASSERT ((__StackLimit >= __HeapLimit), region m_data overflowed with stack and heap)
OUTPUT(Proj3-NRF.elf elf32-littlearm)

.debug_info     0x00000000      0xfd0
 .debug_info    0x00000000      0x384 ./Sources/gpio.o
 .debug_info    0x00000384       0xe5 ./Sources/main.o
 .debug_info    0x00000469      0x351 ./Sources/nordic.o
 .debug_info    0x000007ba      0x19a ./Sources/project3.o
 .debug_info    0x00000954      0x201 ./Sources/spi.o
 .debug_info    0x00000b55       0x8e ./Project_Settings/Startup_Code/startup_MKL25Z4.o
 .debug_info    0x00000be3      0x3ed ./Project_Settings/Startup_Code/system_MKL25Z4.o

.debug_abbrev   0x00000000      0x58e
 .debug_abbrev  0x00000000       0xcd ./Sources/gpio.o
 .debug_abbrev  0x000000cd       0xa2 ./Sources/main.o
 .debug_abbrev  0x0000016f      0x10d ./Sources/nordic.o
 .debug_abbrev  0x0000027c       0xc1 ./Sources/project3.o
 .debug_abbrev  0x0000033d      0x134 ./Sources/spi.o
 .debug_abbrev  0x00000471       0x14 ./Project_Settings/Startup_Code/startup_MKL25Z4.o
 .debug_abbrev  0x00000485      0x109 ./Project_Settings/Startup_Code/system_MKL25Z4.o

.debug_aranges  0x00000000      0x178
 .debug_aranges
                0x00000000       0x20 ./Sources/gpio.o
 .debug_aranges
                0x00000020       0x20 ./Sources/main.o
 .debug_aranges
                0x00000040       0x88 ./Sources/nordic.o
 .debug_aranges
                0x000000c8       0x28 ./Sources/project3.o
 .debug_aranges
                0x000000f0       0x40 ./Sources/spi.o
 .debug_aranges
                0x00000130       0x20 ./Project_Settings/Startup_Code/startup_MKL25Z4.o
 .debug_aranges
                0x00000150       0x28 ./Project_Settings/Startup_Code/system_MKL25Z4.o

.debug_ranges   0x00000000       0xf8
 .debug_ranges  0x00000000       0x10 ./Sources/gpio.o
 .debug_ranges  0x00000010       0x10 ./Sources/main.o
 .debug_ranges  0x00000020       0x78 ./Sources/nordic.o
 .debug_ranges  0x00000098       0x18 ./Sources/project3.o
 .debug_ranges  0x000000b0       0x30 ./Sources/spi.o
 .debug_ranges  0x000000e0       0x18 ./Project_Settings/Startup_Code/system_MKL25Z4.o

.debug_macro    0x00000000     0xa5e2
 .debug_macro   0x00000000      0x189 ./Sources/gpio.o
 .debug_macro   0x00000189      0x802 ./Sources/gpio.o
 .debug_macro   0x0000098b       0x16 ./Sources/gpio.o
 .debug_macro   0x000009a1       0x44 ./Sources/gpio.o
 .debug_macro   0x000009e5      0x209 ./Sources/gpio.o
 .debug_macro   0x00000bee       0x58 ./Sources/gpio.o
 .debug_macro   0x00000c46       0x35 ./Sources/gpio.o
 .debug_macro   0x00000c7b       0xa3 ./Sources/gpio.o
 .debug_macro   0x00000d1e       0x16 ./Sources/gpio.o
 .debug_macro   0x00000d34       0x97 ./Sources/gpio.o
 .debug_macro   0x00000dcb       0x10 ./Sources/gpio.o
 .debug_macro   0x00000ddb       0xef ./Sources/gpio.o
 .debug_macro   0x00000eca       0x52 ./Sources/gpio.o
 .debug_macro   0x00000f1c       0x16 ./Sources/gpio.o
 .debug_macro   0x00000f32       0x43 ./Sources/gpio.o
 .debug_macro   0x00000f75      0x180 ./Sources/gpio.o
 .debug_macro   0x000010f5       0x10 ./Sources/gpio.o
 .debug_macro   0x00001105       0x22 ./Sources/gpio.o
 .debug_macro   0x00001127       0xbd ./Sources/gpio.o
 .debug_macro   0x000011e4       0x16 ./Sources/gpio.o
 .debug_macro   0x000011fa      0x14a ./Sources/gpio.o
 .debug_macro   0x00001344       0x16 ./Sources/gpio.o
 .debug_macro   0x0000135a       0x35 ./Sources/gpio.o
 .debug_macro   0x0000138f       0x22 ./Sources/gpio.o
 .debug_macro   0x000013b1       0x22 ./Sources/gpio.o
 .debug_macro   0x000013d3       0x1c ./Sources/gpio.o
 .debug_macro   0x000013ef       0x4c ./Sources/gpio.o
 .debug_macro   0x0000143b       0x3a ./Sources/gpio.o
 .debug_macro   0x00001475       0x26 ./Sources/gpio.o
 .debug_macro   0x0000149b      0x306 ./Sources/gpio.o
 .debug_macro   0x000017a1       0x63 ./Sources/gpio.o
 .debug_macro   0x00001804     0x839f ./Sources/gpio.o
 .debug_macro   0x00009ba3      0x194 ./Sources/main.o
 .debug_macro   0x00009d37       0x16 ./Sources/main.o
 .debug_macro   0x00009d4d       0x3a ./Sources/main.o
 .debug_macro   0x00009d87       0x1c ./Sources/main.o
 .debug_macro   0x00009da3      0x1af ./Sources/nordic.o
 .debug_macro   0x00009f52       0xdc ./Sources/nordic.o
 .debug_macro   0x0000a02e       0x22 ./Sources/nordic.o
 .debug_macro   0x0000a050       0xde ./Sources/nordic.o
 .debug_macro   0x0000a12e      0x1a5 ./Sources/project3.o
 .debug_macro   0x0000a2d3       0xe2 ./Sources/project3.o
 .debug_macro   0x0000a3b5       0x22 ./Sources/project3.o
 .debug_macro   0x0000a3d7      0x18d ./Sources/spi.o
 .debug_macro   0x0000a564       0x7e ./Project_Settings/Startup_Code/system_MKL25Z4.o

.debug_line     0x00000000     0x123a
 .debug_line    0x00000000      0x2a9 ./Sources/gpio.o
 .debug_line    0x000002a9      0x2a5 ./Sources/main.o
 .debug_line    0x0000054e      0x3ea ./Sources/nordic.o
 .debug_line    0x00000938      0x319 ./Sources/project3.o
 .debug_line    0x00000c51      0x326 ./Sources/spi.o
 .debug_line    0x00000f77       0x7b ./Project_Settings/Startup_Code/startup_MKL25Z4.o
 .debug_line    0x00000ff2      0x248 ./Project_Settings/Startup_Code/system_MKL25Z4.o

.debug_str      0x00000000    0x3490d
 .debug_str     0x00000000    0x33ba7 ./Sources/gpio.o
                              0x3402b (size before relaxing)
 .debug_str     0x00033ba7      0x136 ./Sources/main.o
                              0x33f30 (size before relaxing)
 .debug_str     0x00033cdd      0xacc ./Sources/nordic.o
                              0x34a11 (size before relaxing)
 .debug_str     0x000347a9       0x6c ./Sources/project3.o
                              0x3436f (size before relaxing)
 .debug_str     0x00034815       0x61 ./Sources/spi.o
                              0x33f8a (size before relaxing)
 .debug_str     0x00034876       0x97 ./Project_Settings/Startup_Code/system_MKL25Z4.o
                              0x31f0c (size before relaxing)

.comment        0x00000000       0x70
 .comment       0x00000000       0x70 ./Sources/gpio.o
                                 0x71 (size before relaxing)
 .comment       0x00000000       0x71 ./Sources/main.o
 .comment       0x00000000       0x71 ./Sources/nordic.o
 .comment       0x00000000       0x71 ./Sources/project3.o
 .comment       0x00000000       0x71 ./Sources/spi.o
 .comment       0x00000000       0x71 ./Project_Settings/Startup_Code/system_MKL25Z4.o

.debug_frame    0x00000000      0x41c
 .debug_frame   0x00000000       0x2c ./Sources/gpio.o
 .debug_frame   0x0000002c       0x2c ./Sources/main.o
 .debug_frame   0x00000058      0x1c8 ./Sources/nordic.o
 .debug_frame   0x00000220       0x4c ./Sources/project3.o
 .debug_frame   0x0000026c       0xa8 ./Sources/spi.o
 .debug_frame   0x00000314       0x4c ./Project_Settings/Startup_Code/system_MKL25Z4.o
 .debug_frame   0x00000360       0x28 /opt/Freescale/KDS_v3/toolchain/bin/../lib/gcc/arm-none-eabi/4.8.4/../../../../arm-none-eabi/lib/armv6-m/libg_s.a(lib_a-exit.o)
 .debug_frame   0x00000388       0x2c /opt/Freescale/KDS_v3/toolchain/bin/../lib/gcc/arm-none-eabi/4.8.4/../../../../arm-none-eabi/lib/armv6-m/libg_s.a(lib_a-init.o)
 .debug_frame   0x000003b4       0x28 /opt/Freescale/KDS_v3/toolchain/bin/../lib/gcc/arm-none-eabi/4.8.4/../../../../arm-none-eabi/lib/armv6-m/libg_s.a(lib_a-memcpy-stub.o)
 .debug_frame   0x000003dc       0x20 /opt/Freescale/KDS_v3/toolchain/bin/../lib/gcc/arm-none-eabi/4.8.4/../../../../arm-none-eabi/lib/armv6-m/libg_s.a(lib_a-memset.o)
 .debug_frame   0x000003fc       0x20 /opt/Freescale/KDS_v3/toolchain/bin/../lib/gcc/arm-none-eabi/4.8.4/../../../../arm-none-eabi/lib/armv6-m/libnosys.a(_exit.o)
